// Jest Snapshot v1, https://goo.gl/fbAQLP

exports[`NavBar 测试 1`] = `
<div
  style={
    Object {
      "position": "relative",
    }
  }
>
  <div
    className="navigation"
    style={
      Object {
        "backgroundColor": "#fff",
        "paddingTop": 20,
      }
    }
  >
    <div
      className="navigation__bar"
      style={
        Object {
          "height": 44,
          "lineHeight": "44px",
        }
      }
    >
      <div
        className="navigation__bar__left"
        onClick={[Function]}
        style={
          Object {
            "height": 44,
          }
        }
      >
        <div
          className="navigation__bar__left__back-btn__iocn"
          style={
            Object {
              "backgroundColor": "#000000",
            }
          }
        />
      </div>
      <div
        className="navigation__bar__center"
      >
        <span
          className="navigation__bar__center__title"
          style={
            Object {
              "color": "#000",
              "fontSize": 17,
              "fontWeight": "bold",
            }
          }
        >
          hello jest
        </span>
      </div>
      <div
        className="navigation__bar__right"
        style={
          Object {
            "height": 44,
          }
        }
      />
    </div>
  </div>
  <div
    style={
      Object {
        "height": 44,
        "paddingTop": 20,
      }
    }
  />
</div>
`;
